<?xml version="1.0" encoding="UTF-8"?>
<testsuites name="jest tests" tests="12" failures="0" errors="0" time="1.09">
  <testsuite name="Monitoring API Integration" errors="0" failures="0" skipped="0" timestamp="2025-09-05T02:02:32" time="0.612" tests="12">
    <testcase classname="Monitoring API Integration GET /api/monitoring/metrics should return metrics for admin user" name="Monitoring API Integration GET /api/monitoring/metrics should return metrics for admin user" time="0.071">
    </testcase>
    <testcase classname="Monitoring API Integration GET /api/monitoring/metrics should deny access for non-admin users" name="Monitoring API Integration GET /api/monitoring/metrics should deny access for non-admin users" time="0.001">
    </testcase>
    <testcase classname="Monitoring API Integration GET /api/monitoring/metrics should deny access for unauthenticated users" name="Monitoring API Integration GET /api/monitoring/metrics should deny access for unauthenticated users" time="0.001">
    </testcase>
    <testcase classname="Monitoring API Integration GET /api/monitoring/metrics should handle internal server errors gracefully" name="Monitoring API Integration GET /api/monitoring/metrics should handle internal server errors gracefully" time="0">
    </testcase>
    <testcase classname="Monitoring API Integration POST /api/monitoring/metrics should accept response time metrics from authenticated users" name="Monitoring API Integration POST /api/monitoring/metrics should accept response time metrics from authenticated users" time="0.001">
    </testcase>
    <testcase classname="Monitoring API Integration POST /api/monitoring/metrics should accept error metrics from authenticated users" name="Monitoring API Integration POST /api/monitoring/metrics should accept error metrics from authenticated users" time="0">
    </testcase>
    <testcase classname="Monitoring API Integration POST /api/monitoring/metrics should accept user activity metrics from authenticated users" name="Monitoring API Integration POST /api/monitoring/metrics should accept user activity metrics from authenticated users" time="0">
    </testcase>
    <testcase classname="Monitoring API Integration POST /api/monitoring/metrics should accept network I/O metrics from authenticated users" name="Monitoring API Integration POST /api/monitoring/metrics should accept network I/O metrics from authenticated users" time="0.001">
    </testcase>
    <testcase classname="Monitoring API Integration POST /api/monitoring/metrics should reject unknown metric types" name="Monitoring API Integration POST /api/monitoring/metrics should reject unknown metric types" time="0">
    </testcase>
    <testcase classname="Monitoring API Integration POST /api/monitoring/metrics should deny access for unauthenticated users" name="Monitoring API Integration POST /api/monitoring/metrics should deny access for unauthenticated users" time="0">
    </testcase>
    <testcase classname="Monitoring API Integration POST /api/monitoring/metrics should handle malformed JSON gracefully" name="Monitoring API Integration POST /api/monitoring/metrics should handle malformed JSON gracefully" time="0">
    </testcase>
    <testcase classname="Monitoring API Integration Metrics Storage and Limits should maintain response time array size limit" name="Monitoring API Integration Metrics Storage and Limits should maintain response time array size limit" time="0.004">
    </testcase>
  </testsuite>
</testsuites>